// Jest Snapshot v1, https://goo.gl/fbAQLP

exports[`Post DropDown Components should render correctly 1`] = `
<div>
  <DropdownItem
    as={
      Object {
        "$$typeof": Symbol(react.forward_ref),
        "displayName": "SafeAnchor",
        "render": [Function],
      }
    }
    disabled={false}
  >
    <img
      alt="pencil-icon"
      src="edit-pencil.svg"
    />
    <span
      className="post-dropdown-text"
    >
      Edit
    </span>
  </DropdownItem>
  <DropdownDivider
    role="separator"
  />
  <DropdownItem
    as={
      Object {
        "$$typeof": Symbol(react.forward_ref),
        "displayName": "SafeAnchor",
        "render": [Function],
      }
    }
    disabled={false}
  >
    <img
      alt="del-icon"
      src="del-bin.svg"
    />
    <span
      className="post-dropdown-text"
    >
      Delete
    </span>
  </DropdownItem>
  <DropdownDivider
    role="separator"
  />
  <DropdownItem
    as={
      Object {
        "$$typeof": Symbol(react.forward_ref),
        "displayName": "SafeAnchor",
        "render": [Function],
      }
    }
    disabled={false}
  >
    <img
      alt="link-icon"
      src="link.svg"
    />
    <span
      className="post-dropdown-text"
    >
      Copy link to post
    </span>
  </DropdownItem>
</div>
`;
