// Jest Snapshot v1, https://goo.gl/fbAQLP

exports[`Mainpage suite Renders correctly 1`] = `
<div
  className="sc-iqseJM jtHRij"
>
  <div
    className="sc-crHmcD bQNHbF"
  >
    <div
      className="sc-bdvvtL dVmOGZ"
    >
      <div
        className="sc-gsDKAQ dokASy"
      >
        <button
          className="MuiButton-root MuiButton-text MuiButton-textPrimary MuiButton-sizeMedium MuiButton-textSizeMedium MuiButtonBase-root css-79h83g-MuiButtonBase-root-MuiButton-root"
          disabled={false}
          onBlur={[Function]}
          onClick={[Function]}
          onContextMenu={[Function]}
          onDragLeave={[Function]}
          onFocus={[Function]}
          onKeyDown={[Function]}
          onKeyUp={[Function]}
          onMouseDown={[Function]}
          onMouseLeave={[Function]}
          onMouseUp={[Function]}
          onTouchEnd={[Function]}
          onTouchMove={[Function]}
          onTouchStart={[Function]}
          tabIndex={0}
          type="button"
        >
          Hello
        </button>
      </div>
    </div>
  </div>
  <div
    className="sc-egiyK QHpdd"
  >
    <div
      className="sc-dkPtRN CNuOq"
    >
      <div
        className="sc-eCImPb gCdvCh"
      >
        <img
          alt="Profile"
          height="100"
          width="100"
        />
      </div>
      <div
        className="sc-hKwDye YhLWm"
      >
        <div
          className="sc-jRQBWg cztAja"
        >
          <div
            className="sc-gKclnd iLxqaW"
          >
            Oogway
          </div>
          <div
            className="sc-iCfMLu cefipO"
          >
            <button
              className="MuiButton-root MuiButton-text MuiButton-textPrimary MuiButton-sizeMedium MuiButton-textSizeMedium MuiButtonBase-root css-1wgo97p-MuiButtonBase-root-MuiButton-root"
              disabled={false}
              onBlur={[Function]}
              onContextMenu={[Function]}
              onDragLeave={[Function]}
              onFocus={[Function]}
              onKeyDown={[Function]}
              onKeyUp={[Function]}
              onMouseDown={[Function]}
              onMouseLeave={[Function]}
              onMouseUp={[Function]}
              onTouchEnd={[Function]}
              onTouchMove={[Function]}
              onTouchStart={[Function]}
              tabIndex={0}
              type="button"
            >
              Edit
            </button>
            <button
              className="MuiButton-root MuiButton-text MuiButton-textPrimary MuiButton-sizeMedium MuiButton-textSizeMedium MuiButtonBase-root css-1htnu9u-MuiButtonBase-root-MuiButton-root"
              disabled={false}
              onBlur={[Function]}
              onContextMenu={[Function]}
              onDragLeave={[Function]}
              onFocus={[Function]}
              onKeyDown={[Function]}
              onKeyUp={[Function]}
              onMouseDown={[Function]}
              onMouseLeave={[Function]}
              onMouseUp={[Function]}
              onTouchEnd={[Function]}
              onTouchMove={[Function]}
              onTouchStart={[Function]}
              tabIndex={0}
              type="button"
            >
              Delete
            </button>
          </div>
        </div>
        <div
          className="sc-furwcr ckzOwp"
        >
          Po is the dragon warrior
        </div>
        <div
          className="sc-pVTFL dByDtN"
        >
          <div
            className="sc-jrQzAO kWwnDx"
          >
            10
             Likes
          </div>
          <div
            className="sc-kDTinF cITOvt"
          >
            6
             Comments
          </div>
        </div>
      </div>
    </div>
    <div
      className="sc-bqiRlB OLywK"
    >
      <button
        className="MuiButton-root MuiButton-text MuiButton-textPrimary MuiButton-sizeMedium MuiButton-textSizeMedium MuiButtonBase-root css-1phbry0-MuiButtonBase-root-MuiButton-root"
        disabled={false}
        onBlur={[Function]}
        onContextMenu={[Function]}
        onDragLeave={[Function]}
        onFocus={[Function]}
        onKeyDown={[Function]}
        onKeyUp={[Function]}
        onMouseDown={[Function]}
        onMouseLeave={[Function]}
        onMouseUp={[Function]}
        onTouchEnd={[Function]}
        onTouchMove={[Function]}
        onTouchStart={[Function]}
        tabIndex={0}
        type="button"
      >
        New Post
      </button>
    </div>
  </div>
</div>
`;
